2026-06-16 09:01:59 [main]  INFO o.s.t.c.s.AnnotationConfigContextLoaderUtils - Could not detect default configuration classes for test class [com.placementtraining.jornalApp.Service.UserSchedularTest]: UserSchedularTest does not declare any static, non-private, non-final, nested classes annotated with @Configuration.
2026-06-16 09:01:59 [main]  INFO o.s.b.t.c.SpringBootTestContextBootstrapper - Found @SpringBootConfiguration com.placementtraining.jornalApp.JournalApplication for test class com.placementtraining.jornalApp.Service.UserSchedularTest
2026-06-16 09:01:59 [main]  INFO o.s.t.c.s.AnnotationConfigContextLoaderUtils - Could not detect default configuration classes for test class [com.placementtraining.jornalApp.Service.UserSchedularTest]: UserSchedularTest does not declare any static, non-private, non-final, nested classes annotated with @Configuration.
2026-06-16 09:01:59 [main]  INFO o.s.b.t.c.SpringBootTestContextBootstrapper - Found @SpringBootConfiguration com.placementtraining.jornalApp.JournalApplication for test class com.placementtraining.jornalApp.Service.UserSchedularTest
2026-06-16 09:01:59 [main]  INFO c.p.j.Service.UserSchedularTest - Starting UserSchedularTest using Java 17.0.19 with PID 7768 (started by AMIT PARATAP SINGH in C:\Users\AMIT PARATAP SINGH\Downloads\jornalApp\jornalApp)
2026-06-16 09:01:59 [main]  INFO c.p.j.Service.UserSchedularTest - No active profile set, falling back to 1 default profile: "default"
2026-06-16 09:01:59 [background-preinit]  INFO o.h.validator.internal.util.Version - HV000001: Hibernate Validator 9.0.1.Final
2026-06-16 09:02:00 [main]  INFO o.s.d.r.c.RepositoryConfigurationDelegate - Bootstrapping Spring Data JPA repositories in DEFAULT mode.
2026-06-16 09:02:00 [main]  INFO o.s.d.r.c.RepositoryConfigurationDelegate - Finished Spring Data repository scanning in 54 ms. Found 3 JPA repository interfaces.
2026-06-16 09:02:00 [main]  INFO org.hibernate.orm.jpa - HHH008540: Processing PersistenceUnitInfo [name: default]
2026-06-16 09:02:00 [main]  INFO org.hibernate.orm.core - HHH000001: Hibernate ORM core version 7.2.12.Final
2026-06-16 09:02:01 [main]  INFO o.s.o.j.p.SpringPersistenceUnitInfo - No LoadTimeWeaver setup: ignoring JPA class transformer
2026-06-16 09:02:01 [main]  INFO com.zaxxer.hikari.HikariDataSource - HikariPool-1 - Starting...
2026-06-16 09:02:01 [main]  INFO com.zaxxer.hikari.pool.HikariPool - HikariPool-1 - Added connection com.mysql.cj.jdbc.ConnectionImpl@2f498f21
2026-06-16 09:02:01 [main]  INFO com.zaxxer.hikari.HikariDataSource - HikariPool-1 - Start completed.
2026-06-16 09:02:01 [main]  INFO o.hibernate.orm.connections.pooling - HHH10001005: Database info:
	Database JDBC URL [jdbc:mysql://localhost:3306/journaldb]
	Database driver: MySQL Connector/J
	Database dialect: MySQLDialect
	Database version: 8.0.45
	Default catalog/schema: journaldb/undefined
	Autocommit mode: undefined/unknown
	Isolation level: REPEATABLE_READ [default REPEATABLE_READ]
	JDBC fetch size: none
	Pool: DataSourceConnectionProvider
	Minimum pool size: undefined/unknown
	Maximum pool size: undefined/unknown
2026-06-16 09:02:02 [main]  INFO org.hibernate.orm.core - HHH000489: No JTA platform available (set 'hibernate.transaction.jta.platform' to enable JTA platform integration)
2026-06-16 09:02:02 [main]  INFO o.s.o.j.LocalContainerEntityManagerFactoryBean - Initialized JPA EntityManagerFactory for persistence unit 'default'
2026-06-16 09:02:02 [main]  INFO o.s.d.j.r.q.QueryEnhancerFactories - Hibernate is in classpath; If applicable, HQL parser will be used.
2026-06-16 09:02:03 [main]  WARN o.s.b.j.a.JpaBaseConfiguration$JpaWebConfiguration - spring.jpa.open-in-view is enabled by default. Therefore, database queries may be performed during view rendering. Explicitly configure spring.jpa.open-in-view to disable this warning
2026-06-16 09:02:03 [main]  INFO o.s.s.c.a.a.c.InitializeUserDetailsBeanManagerConfigurer$InitializeUserDetailsManagerConfigurer - Global AuthenticationManager configured with UserDetailsService bean with name userDetailServiceimp
2026-06-16 09:02:03 [main] DEBUG o.s.s.web.DefaultSecurityFilterChain - Will secure any request with filters: DisableEncodeUrlFilter, WebAsyncManagerIntegrationFilter, SecurityContextHolderFilter, HeaderWriterFilter, LogoutFilter, BasicAuthenticationFilter, RequestCacheAwareFilter, SecurityContextHolderAwareRequestFilter, AnonymousAuthenticationFilter, ExceptionTranslationFilter, AuthorizationFilter
2026-06-16 09:02:04 [main]  INFO c.p.j.Service.UserSchedularTest - Started UserSchedularTest in 4.676 seconds (process running for 6.189)
2026-06-16 09:02:04 [SpringApplicationShutdownHook]  INFO o.s.o.j.LocalContainerEntityManagerFactoryBean - Closing JPA EntityManagerFactory for persistence unit 'default'
2026-06-16 09:02:04 [SpringApplicationShutdownHook]  INFO com.zaxxer.hikari.HikariDataSource - HikariPool-1 - Shutdown initiated...
2026-06-16 09:02:04 [SpringApplicationShutdownHook]  INFO com.zaxxer.hikari.HikariDataSource - HikariPool-1 - Shutdown completed.
2026-06-16 09:03:47 [main]  INFO o.s.t.c.s.AnnotationConfigContextLoaderUtils - Could not detect default configuration classes for test class [com.placementtraining.jornalApp.Service.UserSchedularTest]: UserSchedularTest does not declare any static, non-private, non-final, nested classes annotated with @Configuration.
2026-06-16 09:03:47 [main]  INFO o.s.b.t.c.SpringBootTestContextBootstrapper - Found @SpringBootConfiguration com.placementtraining.jornalApp.JournalApplication for test class com.placementtraining.jornalApp.Service.UserSchedularTest
2026-06-16 09:03:47 [main]  INFO o.s.t.c.s.AnnotationConfigContextLoaderUtils - Could not detect default configuration classes for test class [com.placementtraining.jornalApp.Service.UserSchedularTest]: UserSchedularTest does not declare any static, non-private, non-final, nested classes annotated with @Configuration.
2026-06-16 09:03:47 [main]  INFO o.s.b.t.c.SpringBootTestContextBootstrapper - Found @SpringBootConfiguration com.placementtraining.jornalApp.JournalApplication for test class com.placementtraining.jornalApp.Service.UserSchedularTest
2026-06-16 09:03:47 [main]  INFO c.p.j.Service.UserSchedularTest - Starting UserSchedularTest using Java 17.0.19 with PID 14160 (started by AMIT PARATAP SINGH in C:\Users\AMIT PARATAP SINGH\Downloads\jornalApp\jornalApp)
2026-06-16 09:03:47 [main]  INFO c.p.j.Service.UserSchedularTest - No active profile set, falling back to 1 default profile: "default"
2026-06-16 09:03:48 [background-preinit]  INFO o.h.validator.internal.util.Version - HV000001: Hibernate Validator 9.0.1.Final
2026-06-16 09:03:48 [main]  INFO o.s.d.r.c.RepositoryConfigurationDelegate - Bootstrapping Spring Data JPA repositories in DEFAULT mode.
2026-06-16 09:03:48 [main]  INFO o.s.d.r.c.RepositoryConfigurationDelegate - Finished Spring Data repository scanning in 52 ms. Found 3 JPA repository interfaces.
2026-06-16 09:03:48 [main]  INFO org.hibernate.orm.jpa - HHH008540: Processing PersistenceUnitInfo [name: default]
2026-06-16 09:03:49 [main]  INFO org.hibernate.orm.core - HHH000001: Hibernate ORM core version 7.2.12.Final
2026-06-16 09:03:49 [main]  INFO o.s.o.j.p.SpringPersistenceUnitInfo - No LoadTimeWeaver setup: ignoring JPA class transformer
2026-06-16 09:03:49 [main]  INFO com.zaxxer.hikari.HikariDataSource - HikariPool-1 - Starting...
2026-06-16 09:03:49 [main]  INFO com.zaxxer.hikari.pool.HikariPool - HikariPool-1 - Added connection com.mysql.cj.jdbc.ConnectionImpl@314c28dc
2026-06-16 09:03:49 [main]  INFO com.zaxxer.hikari.HikariDataSource - HikariPool-1 - Start completed.
2026-06-16 09:03:49 [main]  INFO o.hibernate.orm.connections.pooling - HHH10001005: Database info:
	Database JDBC URL [jdbc:mysql://localhost:3306/journaldb]
	Database driver: MySQL Connector/J
	Database dialect: MySQLDialect
	Database version: 8.0.45
	Default catalog/schema: journaldb/undefined
	Autocommit mode: undefined/unknown
	Isolation level: REPEATABLE_READ [default REPEATABLE_READ]
	JDBC fetch size: none
	Pool: DataSourceConnectionProvider
	Minimum pool size: undefined/unknown
	Maximum pool size: undefined/unknown
2026-06-16 09:03:50 [main]  INFO org.hibernate.orm.core - HHH000489: No JTA platform available (set 'hibernate.transaction.jta.platform' to enable JTA platform integration)
2026-06-16 09:03:50 [main]  INFO o.s.o.j.LocalContainerEntityManagerFactoryBean - Initialized JPA EntityManagerFactory for persistence unit 'default'
2026-06-16 09:03:50 [main]  INFO o.s.d.j.r.q.QueryEnhancerFactories - Hibernate is in classpath; If applicable, HQL parser will be used.
2026-06-16 09:03:51 [main]  WARN o.s.b.j.a.JpaBaseConfiguration$JpaWebConfiguration - spring.jpa.open-in-view is enabled by default. Therefore, database queries may be performed during view rendering. Explicitly configure spring.jpa.open-in-view to disable this warning
2026-06-16 09:03:51 [main]  INFO o.s.t.c.s.AnnotationConfigContextLoaderUtils - Could not detect default configuration classes for test class [com.placementtraining.jornalApp.Service.UserSchedularTest]: UserSchedularTest does not declare any static, non-private, non-final, nested classes annotated with @Configuration.
2026-06-16 09:03:51 [main]  INFO o.s.s.c.a.a.c.InitializeUserDetailsBeanManagerConfigurer$InitializeUserDetailsManagerConfigurer - Global AuthenticationManager configured with UserDetailsService bean with name userDetailServiceimp
2026-06-16 09:03:51 [main]  INFO o.s.b.t.c.SpringBootTestContextBootstrapper - Found @SpringBootConfiguration com.placementtraining.jornalApp.JournalApplication for test class com.placementtraining.jornalApp.Service.UserSchedularTest
2026-06-16 09:03:51 [main] DEBUG o.s.s.web.DefaultSecurityFilterChain - Will secure any request with filters: DisableEncodeUrlFilter, WebAsyncManagerIntegrationFilter, SecurityContextHolderFilter, HeaderWriterFilter, LogoutFilter, BasicAuthenticationFilter, RequestCacheAwareFilter, SecurityContextHolderAwareRequestFilter, AnonymousAuthenticationFilter, ExceptionTranslationFilter, AuthorizationFilter
2026-06-16 09:03:51 [main]  INFO o.s.t.c.s.AnnotationConfigContextLoaderUtils - Could not detect default configuration classes for test class [com.placementtraining.jornalApp.Service.UserSchedularTest]: UserSchedularTest does not declare any static, non-private, non-final, nested classes annotated with @Configuration.
2026-06-16 09:03:51 [main]  INFO o.s.b.t.c.SpringBootTestContextBootstrapper - Found @SpringBootConfiguration com.placementtraining.jornalApp.JournalApplication for test class com.placementtraining.jornalApp.Service.UserSchedularTest
2026-06-16 09:03:52 [main]  INFO c.p.j.Service.UserSchedularTest - Starting UserSchedularTest using Java 17.0.19 with PID 13224 (started by AMIT PARATAP SINGH in C:\Users\AMIT PARATAP SINGH\Downloads\jornalApp\jornalApp)
2026-06-16 09:03:52 [main]  INFO c.p.j.Service.UserSchedularTest - No active profile set, falling back to 1 default profile: "default"
2026-06-16 09:03:52 [main]  INFO c.p.j.Service.UserSchedularTest - Started UserSchedularTest in 4.582 seconds (process running for 5.69)
2026-06-16 09:03:52 [background-preinit]  INFO o.h.validator.internal.util.Version - HV000001: Hibernate Validator 9.0.1.Final
2026-06-16 09:03:52 [SpringApplicationShutdownHook]  INFO o.s.o.j.LocalContainerEntityManagerFactoryBean - Closing JPA EntityManagerFactory for persistence unit 'default'
2026-06-16 09:03:52 [SpringApplicationShutdownHook]  INFO com.zaxxer.hikari.HikariDataSource - HikariPool-1 - Shutdown initiated...
2026-06-16 09:03:52 [SpringApplicationShutdownHook]  INFO com.zaxxer.hikari.HikariDataSource - HikariPool-1 - Shutdown completed.
2026-06-16 09:03:53 [main]  INFO o.s.d.r.c.RepositoryConfigurationDelegate - Bootstrapping Spring Data JPA repositories in DEFAULT mode.
2026-06-16 09:03:53 [main]  INFO o.s.d.r.c.RepositoryConfigurationDelegate - Finished Spring Data repository scanning in 40 ms. Found 3 JPA repository interfaces.
2026-06-16 09:03:53 [main]  INFO org.hibernate.orm.jpa - HHH008540: Processing PersistenceUnitInfo [name: default]
2026-06-16 09:03:53 [main]  INFO org.hibernate.orm.core - HHH000001: Hibernate ORM core version 7.2.12.Final
2026-06-16 09:03:54 [main]  INFO o.s.o.j.p.SpringPersistenceUnitInfo - No LoadTimeWeaver setup: ignoring JPA class transformer
2026-06-16 09:03:54 [main]  INFO com.zaxxer.hikari.HikariDataSource - HikariPool-1 - Starting...
2026-06-16 09:03:54 [main]  INFO com.zaxxer.hikari.pool.HikariPool - HikariPool-1 - Added connection com.mysql.cj.jdbc.ConnectionImpl@6958d5d0
2026-06-16 09:03:54 [main]  INFO com.zaxxer.hikari.HikariDataSource - HikariPool-1 - Start completed.
2026-06-16 09:03:54 [main]  INFO o.hibernate.orm.connections.pooling - HHH10001005: Database info:
	Database JDBC URL [jdbc:mysql://localhost:3306/journaldb]
	Database driver: MySQL Connector/J
	Database dialect: MySQLDialect
	Database version: 8.0.45
	Default catalog/schema: journaldb/undefined
	Autocommit mode: undefined/unknown
	Isolation level: REPEATABLE_READ [default REPEATABLE_READ]
	JDBC fetch size: none
	Pool: DataSourceConnectionProvider
	Minimum pool size: undefined/unknown
	Maximum pool size: undefined/unknown
2026-06-16 09:03:55 [main]  INFO org.hibernate.orm.core - HHH000489: No JTA platform available (set 'hibernate.transaction.jta.platform' to enable JTA platform integration)
2026-06-16 09:03:55 [main]  INFO o.s.o.j.LocalContainerEntityManagerFactoryBean - Initialized JPA EntityManagerFactory for persistence unit 'default'
2026-06-16 09:03:55 [main]  INFO o.s.d.j.r.q.QueryEnhancerFactories - Hibernate is in classpath; If applicable, HQL parser will be used.
2026-06-16 09:03:56 [main]  WARN o.s.b.j.a.JpaBaseConfiguration$JpaWebConfiguration - spring.jpa.open-in-view is enabled by default. Therefore, database queries may be performed during view rendering. Explicitly configure spring.jpa.open-in-view to disable this warning
2026-06-16 09:03:56 [main]  INFO o.s.s.c.a.a.c.InitializeUserDetailsBeanManagerConfigurer$InitializeUserDetailsManagerConfigurer - Global AuthenticationManager configured with UserDetailsService bean with name userDetailServiceimp
2026-06-16 09:03:56 [main] DEBUG o.s.s.web.DefaultSecurityFilterChain - Will secure any request with filters: DisableEncodeUrlFilter, WebAsyncManagerIntegrationFilter, SecurityContextHolderFilter, HeaderWriterFilter, LogoutFilter, BasicAuthenticationFilter, RequestCacheAwareFilter, SecurityContextHolderAwareRequestFilter, AnonymousAuthenticationFilter, ExceptionTranslationFilter, AuthorizationFilter
2026-06-16 09:03:56 [main]  INFO c.p.j.Service.UserSchedularTest - Started UserSchedularTest in 4.568 seconds (process running for 6.106)
2026-06-16 09:03:56 [SpringApplicationShutdownHook]  INFO o.s.o.j.LocalContainerEntityManagerFactoryBean - Closing JPA EntityManagerFactory for persistence unit 'default'
2026-06-16 09:03:56 [SpringApplicationShutdownHook]  INFO com.zaxxer.hikari.HikariDataSource - HikariPool-1 - Shutdown initiated...
2026-06-16 09:03:56 [SpringApplicationShutdownHook]  INFO com.zaxxer.hikari.HikariDataSource - HikariPool-1 - Shutdown completed.
2026-06-16 09:04:16 [main]  INFO c.p.jornalApp.JournalApplication - Starting JournalApplication using Java 17.0.19 with PID 10616 (C:\Users\AMIT PARATAP SINGH\Downloads\jornalApp\jornalApp\target\classes started by AMIT PARATAP SINGH in C:\Users\AMIT PARATAP SINGH\Downloads\jornalApp\jornalApp)
2026-06-16 09:04:16 [main]  INFO c.p.jornalApp.JournalApplication - No active profile set, falling back to 1 default profile: "default"
2026-06-16 09:04:16 [background-preinit]  INFO o.h.validator.internal.util.Version - HV000001: Hibernate Validator 9.0.1.Final
2026-06-16 09:04:17 [main]  INFO o.s.d.r.c.RepositoryConfigurationDelegate - Bootstrapping Spring Data JPA repositories in DEFAULT mode.
2026-06-16 09:04:17 [main]  INFO o.s.d.r.c.RepositoryConfigurationDelegate - Finished Spring Data repository scanning in 38 ms. Found 3 JPA repository interfaces.
2026-06-16 09:04:17 [main]  INFO o.s.boot.tomcat.TomcatWebServer - Tomcat initialized with port 8081 (http)
2026-06-16 09:04:17 [main]  INFO o.a.coyote.http11.Http11NioProtocol - Initializing ProtocolHandler ["http-nio-8081"]
2026-06-16 09:04:17 [main]  INFO o.a.catalina.core.StandardService - Starting service [Tomcat]
2026-06-16 09:04:17 [main]  INFO o.a.catalina.core.StandardEngine - Starting Servlet engine: [Apache Tomcat/11.0.21]
2026-06-16 09:04:17 [main]  INFO o.s.b.w.c.s.WebApplicationContextInitializer - Root WebApplicationContext: initialization completed in 997 ms
2026-06-16 09:04:17 [main]  INFO org.hibernate.orm.jpa - HHH008540: Processing PersistenceUnitInfo [name: default]
2026-06-16 09:04:17 [main]  INFO org.hibernate.orm.core - HHH000001: Hibernate ORM core version 7.2.12.Final
2026-06-16 09:04:18 [main]  INFO o.s.o.j.p.SpringPersistenceUnitInfo - No LoadTimeWeaver setup: ignoring JPA class transformer
2026-06-16 09:04:18 [main]  INFO com.zaxxer.hikari.HikariDataSource - HikariPool-1 - Starting...
2026-06-16 09:04:18 [main]  INFO com.zaxxer.hikari.pool.HikariPool - HikariPool-1 - Added connection com.mysql.cj.jdbc.ConnectionImpl@3c1908c8
2026-06-16 09:04:18 [main]  INFO com.zaxxer.hikari.HikariDataSource - HikariPool-1 - Start completed.
2026-06-16 09:04:18 [main]  INFO o.hibernate.orm.connections.pooling - HHH10001005: Database info:
	Database JDBC URL [jdbc:mysql://localhost:3306/journaldb]
	Database driver: MySQL Connector/J
	Database dialect: MySQLDialect
	Database version: 8.0.45
	Default catalog/schema: journaldb/undefined
	Autocommit mode: undefined/unknown
	Isolation level: REPEATABLE_READ [default REPEATABLE_READ]
	JDBC fetch size: none
	Pool: DataSourceConnectionProvider
	Minimum pool size: undefined/unknown
	Maximum pool size: undefined/unknown
2026-06-16 09:04:19 [main]  INFO org.hibernate.orm.core - HHH000489: No JTA platform available (set 'hibernate.transaction.jta.platform' to enable JTA platform integration)
2026-06-16 09:04:19 [main]  INFO o.s.o.j.LocalContainerEntityManagerFactoryBean - Initialized JPA EntityManagerFactory for persistence unit 'default'
2026-06-16 09:04:19 [main]  INFO o.s.d.j.r.q.QueryEnhancerFactories - Hibernate is in classpath; If applicable, HQL parser will be used.
2026-06-16 09:04:19 [main]  WARN o.s.b.j.a.JpaBaseConfiguration$JpaWebConfiguration - spring.jpa.open-in-view is enabled by default. Therefore, database queries may be performed during view rendering. Explicitly configure spring.jpa.open-in-view to disable this warning
2026-06-16 09:04:19 [main]  INFO o.s.s.c.a.a.c.InitializeUserDetailsBeanManagerConfigurer$InitializeUserDetailsManagerConfigurer - Global AuthenticationManager configured with UserDetailsService bean with name userDetailServiceimp
2026-06-16 09:04:19 [main] DEBUG o.s.s.web.DefaultSecurityFilterChain - Will secure any request with filters: DisableEncodeUrlFilter, WebAsyncManagerIntegrationFilter, SecurityContextHolderFilter, HeaderWriterFilter, LogoutFilter, BasicAuthenticationFilter, RequestCacheAwareFilter, SecurityContextHolderAwareRequestFilter, AnonymousAuthenticationFilter, ExceptionTranslationFilter, AuthorizationFilter
2026-06-16 09:04:19 [main]  INFO o.a.coyote.http11.Http11NioProtocol - Starting ProtocolHandler ["http-nio-8081"]
2026-06-16 09:04:19 [main]  INFO o.s.boot.tomcat.TomcatWebServer - Tomcat started on port 8081 (http) with context path '/'
2026-06-16 09:04:19 [main]  INFO c.p.jornalApp.JournalApplication - Started JournalApplication in 3.621 seconds (process running for 4.065)
2026-06-16 09:05:06 [http-nio-8081-exec-2]  INFO o.a.c.c.C.[Tomcat].[localhost].[/] - Initializing Spring DispatcherServlet 'dispatcherServlet'
2026-06-16 09:05:06 [http-nio-8081-exec-2]  INFO o.s.web.servlet.DispatcherServlet - Initializing Servlet 'dispatcherServlet'
2026-06-16 09:05:06 [http-nio-8081-exec-2]  INFO o.s.web.servlet.DispatcherServlet - Completed initialization in 0 ms
2026-06-16 09:05:06 [http-nio-8081-exec-2] DEBUG o.s.security.web.FilterChainProxy - Securing POST /journal/goutam
2026-06-16 09:05:07 [http-nio-8081-exec-2] DEBUG o.s.s.a.d.DaoAuthenticationProvider - Authenticated user
2026-06-16 09:05:07 [http-nio-8081-exec-2] DEBUG o.s.s.w.a.w.BasicAuthenticationFilter - Set SecurityContextHolder to UsernamePasswordAuthenticationToken [Principal=org.springframework.security.core.userdetails.User [Username=amit, Password=[PROTECTED], Enabled=true, AccountNonExpired=true, CredentialsNonExpired=true, AccountNonLocked=true, Granted Authorities=[ROLE_USER]], Credentials=[PROTECTED], Authenticated=true, Details=WebAuthenticationDetails [RemoteIpAddress=0:0:0:0:0:0:0:1, SessionId=null], Granted Authorities=[ROLE_USER, FactorGrantedAuthority [authority=FACTOR_PASSWORD, issuedAt=2026-06-16T03:35:07.833569Z]]]
2026-06-16 09:05:07 [http-nio-8081-exec-2] DEBUG o.s.security.web.FilterChainProxy - Secured POST /journal/goutam
2026-06-16 09:05:07 [http-nio-8081-exec-2] DEBUG o.s.security.web.FilterChainProxy - Securing GET /error
2026-06-16 09:05:07 [http-nio-8081-exec-2] DEBUG o.s.security.web.FilterChainProxy - Secured GET /error
2026-06-16 09:05:12 [http-nio-8081-exec-4] DEBUG o.s.security.web.FilterChainProxy - Securing POST /journal
2026-06-16 09:05:12 [http-nio-8081-exec-4] DEBUG o.s.s.a.d.DaoAuthenticationProvider - Authenticated user
2026-06-16 09:05:12 [http-nio-8081-exec-4] DEBUG o.s.s.w.a.w.BasicAuthenticationFilter - Set SecurityContextHolder to UsernamePasswordAuthenticationToken [Principal=org.springframework.security.core.userdetails.User [Username=amit, Password=[PROTECTED], Enabled=true, AccountNonExpired=true, CredentialsNonExpired=true, AccountNonLocked=true, Granted Authorities=[ROLE_USER]], Credentials=[PROTECTED], Authenticated=true, Details=WebAuthenticationDetails [RemoteIpAddress=0:0:0:0:0:0:0:1, SessionId=null], Granted Authorities=[ROLE_USER, FactorGrantedAuthority [authority=FACTOR_PASSWORD, issuedAt=2026-06-16T03:35:12.713079300Z]]]
2026-06-16 09:05:12 [http-nio-8081-exec-4] DEBUG o.s.security.web.FilterChainProxy - Secured POST /journal
2026-06-16 09:06:03 [http-nio-8081-exec-7] DEBUG o.s.security.web.FilterChainProxy - Securing POST /journal
2026-06-16 09:06:03 [http-nio-8081-exec-7] DEBUG o.s.s.a.d.DaoAuthenticationProvider - Failed to find user 'goutam'
2026-06-16 09:06:03 [http-nio-8081-exec-7] DEBUG o.s.s.authentication.ProviderManager - Authentication failed with provider DaoAuthenticationProvider since Bad credentials
2026-06-16 09:06:03 [http-nio-8081-exec-7] DEBUG o.s.s.authentication.ProviderManager - Denying authentication since all attempted providers failed
2026-06-16 09:06:03 [http-nio-8081-exec-7] DEBUG o.s.s.w.a.w.BasicAuthenticationFilter - Failed to process authentication request
org.springframework.security.authentication.BadCredentialsException: Bad credentials
	at org.springframework.security.authentication.dao.AbstractUserDetailsAuthenticationProvider.authenticate(AbstractUserDetailsAuthenticationProvider.java:154)
	at org.springframework.security.authentication.ProviderManager.authenticate(ProviderManager.java:183)
	at org.springframework.security.authentication.ProviderManager.authenticate(ProviderManager.java:215)
	at org.springframework.security.web.authentication.www.BasicAuthenticationFilter.doFilterInternal(BasicAuthenticationFilter.java:204)
	at org.springframework.web.filter.OncePerRequestFilter.doFilter(OncePerRequestFilter.java:116)
	at org.springframework.security.web.FilterChainProxy$VirtualFilterChain.doFilter(FilterChainProxy.java:385)
	at org.springframework.security.web.authentication.logout.LogoutFilter.doFilter(LogoutFilter.java:110)
	at org.springframework.security.web.authentication.logout.LogoutFilter.doFilter(LogoutFilter.java:96)
	at org.springframework.security.web.FilterChainProxy$VirtualFilterChain.doFilter(FilterChainProxy.java:385)
	at org.springframework.security.web.header.HeaderWriterFilter.doHeadersAfter(HeaderWriterFilter.java:90)
	at org.springframework.security.web.header.HeaderWriterFilter.doFilterInternal(HeaderWriterFilter.java:75)
	at org.springframework.web.filter.OncePerRequestFilter.doFilter(OncePerRequestFilter.java:116)
	at org.springframework.security.web.FilterChainProxy$VirtualFilterChain.doFilter(FilterChainProxy.java:385)
	at org.springframework.security.web.context.SecurityContextHolderFilter.doFilter(SecurityContextHolderFilter.java:82)
	at org.springframework.security.web.context.SecurityContextHolderFilter.doFilter(SecurityContextHolderFilter.java:69)
	at org.springframework.security.web.FilterChainProxy$VirtualFilterChain.doFilter(FilterChainProxy.java:385)
	at org.springframework.security.web.context.request.async.WebAsyncManagerIntegrationFilter.doFilterInternal(WebAsyncManagerIntegrationFilter.java:62)
	at org.springframework.web.filter.OncePerRequestFilter.doFilter(OncePerRequestFilter.java:116)
	at org.springframework.security.web.FilterChainProxy$VirtualFilterChain.doFilter(FilterChainProxy.java:385)
	at org.springframework.security.web.session.DisableEncodeUrlFilter.doFilterInternal(DisableEncodeUrlFilter.java:42)
	at org.springframework.web.filter.OncePerRequestFilter.doFilter(OncePerRequestFilter.java:116)
	at org.springframework.security.web.FilterChainProxy$VirtualFilterChain.doFilter(FilterChainProxy.java:385)
	at org.springframework.security.web.FilterChainProxy.doFilterInternal(FilterChainProxy.java:237)
	at org.springframework.security.web.FilterChainProxy.doFilter(FilterChainProxy.java:195)
	at org.springframework.web.filter.CompositeFilter$VirtualFilterChain.doFilter(CompositeFilter.java:113)
	at org.springframework.web.filter.ServletRequestPathFilter.doFilter(ServletRequestPathFilter.java:52)
	at org.springframework.web.filter.CompositeFilter$VirtualFilterChain.doFilter(CompositeFilter.java:113)
	at org.springframework.web.filter.CompositeFilter.doFilter(CompositeFilter.java:74)
	at org.springframework.security.config.annotation.web.configuration.WebSecurityConfiguration$CompositeFilterChainProxy.doFilter(WebSecurityConfiguration.java:317)
	at org.springframework.web.filter.DelegatingFilterProxy.invokeDelegate(DelegatingFilterProxy.java:355)
	at org.springframework.web.filter.DelegatingFilterProxy.doFilter(DelegatingFilterProxy.java:272)
	at org.apache.catalina.core.ApplicationFilterChain.doFilter(ApplicationFilterChain.java:107)
	at org.springframework.web.filter.RequestContextFilter.doFilterInternal(RequestContextFilter.java:100)
	at org.springframework.web.filter.OncePerRequestFilter.doFilter(OncePerRequestFilter.java:116)
	at org.apache.catalina.core.ApplicationFilterChain.doFilter(ApplicationFilterChain.java:107)
	at org.springframework.web.filter.FormContentFilter.doFilterInternal(FormContentFilter.java:93)
	at org.springframework.web.filter.OncePerRequestFilter.doFilter(OncePerRequestFilter.java:116)
	at org.apache.catalina.core.ApplicationFilterChain.doFilter(ApplicationFilterChain.java:107)
	at org.springframework.web.filter.CharacterEncodingFilter.doFilterInternal(CharacterEncodingFilter.java:199)
	at org.springframework.web.filter.OncePerRequestFilter.doFilter(OncePerRequestFilter.java:116)
	at org.apache.catalina.core.ApplicationFilterChain.doFilter(ApplicationFilterChain.java:107)
	at org.apache.catalina.core.StandardWrapperValve.invoke(StandardWrapperValve.java:165)
	at org.apache.catalina.core.StandardContextValve.invoke(StandardContextValve.java:77)
	at org.apache.catalina.authenticator.AuthenticatorBase.invoke(AuthenticatorBase.java:492)
	at org.apache.catalina.core.StandardHostValve.invoke(StandardHostValve.java:113)
	at org.apache.catalina.valves.ErrorReportValve.invoke(ErrorReportValve.java:83)
	at org.apache.catalina.core.StandardEngineValve.invoke(StandardEngineValve.java:72)
	at org.apache.catalina.connector.CoyoteAdapter.service(CoyoteAdapter.java:341)
	at org.apache.coyote.http11.Http11Processor.service(Http11Processor.java:397)
	at org.apache.coyote.AbstractProcessorLight.process(AbstractProcessorLight.java:63)
	at org.apache.coyote.AbstractProtocol$ConnectionHandler.process(AbstractProtocol.java:903)
	at org.apache.tomcat.util.net.NioEndpoint$SocketProcessor.doRun(NioEndpoint.java:1801)
	at org.apache.tomcat.util.net.SocketProcessorBase.run(SocketProcessorBase.java:52)
	at org.apache.tomcat.util.threads.ThreadPoolExecutor.runWorker(ThreadPoolExecutor.java:946)
	at org.apache.tomcat.util.threads.ThreadPoolExecutor$Worker.run(ThreadPoolExecutor.java:480)
	at org.apache.tomcat.util.threads.TaskThread$WrappingRunnable.run(TaskThread.java:57)
	at java.base/java.lang.Thread.run(Thread.java:840)
Caused by: org.springframework.security.core.userdetails.UsernameNotFoundException: User not found: goutam
	at com.placementtraining.jornalApp.service.UserDetailServiceimp.loadUserByUsername(UserDetailServiceimp.java:31)
	at org.springframework.security.authentication.dao.DaoAuthenticationProvider.retrieveUser(DaoAuthenticationProvider.java:106)
	at org.springframework.security.authentication.dao.AbstractUserDetailsAuthenticationProvider.authenticate(AbstractUserDetailsAuthenticationProvider.java:145)
	... 56 common frames omitted
2026-06-16 09:06:03 [http-nio-8081-exec-7] DEBUG o.s.s.w.a.DelegatingAuthenticationEntryPoint - Trying to match using RequestHeaderRequestMatcher [expectedHeaderName=X-Requested-With, expectedHeaderValue=XMLHttpRequest]
2026-06-16 09:06:03 [http-nio-8081-exec-7] DEBUG o.s.s.w.a.DelegatingAuthenticationEntryPoint - No match found. Using default entry point org.springframework.security.web.authentication.www.BasicAuthenticationEntryPoint@393ed0a
2026-06-16 09:06:03 [http-nio-8081-exec-7] DEBUG o.s.security.web.FilterChainProxy - Securing GET /error
2026-06-16 09:06:03 [http-nio-8081-exec-7] DEBUG o.s.s.w.a.AnonymousAuthenticationFilter - Set SecurityContextHolder to anonymous SecurityContext
2026-06-16 09:06:03 [http-nio-8081-exec-7] DEBUG o.s.s.w.s.HttpSessionRequestCache - Saved request http://localhost:8081/error?continue to session
2026-06-16 09:06:03 [http-nio-8081-exec-7] DEBUG o.s.s.w.a.DelegatingAuthenticationEntryPoint - Trying to match using RequestHeaderRequestMatcher [expectedHeaderName=X-Requested-With, expectedHeaderValue=XMLHttpRequest]
2026-06-16 09:06:03 [http-nio-8081-exec-7] DEBUG o.s.s.w.a.DelegatingAuthenticationEntryPoint - No match found. Using default entry point org.springframework.security.web.authentication.www.BasicAuthenticationEntryPoint@393ed0a
2026-06-16 09:06:16 [http-nio-8081-exec-1] DEBUG o.s.security.web.FilterChainProxy - Securing POST /journal
2026-06-16 09:06:16 [http-nio-8081-exec-1] DEBUG o.s.s.a.d.DaoAuthenticationProvider - Failed to find user 'goutam'
2026-06-16 09:06:16 [http-nio-8081-exec-1] DEBUG o.s.s.authentication.ProviderManager - Authentication failed with provider DaoAuthenticationProvider since Bad credentials
2026-06-16 09:06:16 [http-nio-8081-exec-1] DEBUG o.s.s.authentication.ProviderManager - Denying authentication since all attempted providers failed
2026-06-16 09:06:16 [http-nio-8081-exec-1] DEBUG o.s.s.w.a.w.BasicAuthenticationFilter - Failed to process authentication request
org.springframework.security.authentication.BadCredentialsException: Bad credentials
	at org.springframework.security.authentication.dao.AbstractUserDetailsAuthenticationProvider.authenticate(AbstractUserDetailsAuthenticationProvider.java:154)
	at org.springframework.security.authentication.ProviderManager.authenticate(ProviderManager.java:183)
	at org.springframework.security.authentication.ProviderManager.authenticate(ProviderManager.java:215)
	at org.springframework.security.web.authentication.www.BasicAuthenticationFilter.doFilterInternal(BasicAuthenticationFilter.java:204)
	at org.springframework.web.filter.OncePerRequestFilter.doFilter(OncePerRequestFilter.java:116)
	at org.springframework.security.web.FilterChainProxy$VirtualFilterChain.doFilter(FilterChainProxy.java:385)
	at org.springframework.security.web.authentication.logout.LogoutFilter.doFilter(LogoutFilter.java:110)
	at org.springframework.security.web.authentication.logout.LogoutFilter.doFilter(LogoutFilter.java:96)
	at org.springframework.security.web.FilterChainProxy$VirtualFilterChain.doFilter(FilterChainProxy.java:385)
	at org.springframework.security.web.header.HeaderWriterFilter.doHeadersAfter(HeaderWriterFilter.java:90)
	at org.springframework.security.web.header.HeaderWriterFilter.doFilterInternal(HeaderWriterFilter.java:75)
	at org.springframework.web.filter.OncePerRequestFilter.doFilter(OncePerRequestFilter.java:116)
	at org.springframework.security.web.FilterChainProxy$VirtualFilterChain.doFilter(FilterChainProxy.java:385)
	at org.springframework.security.web.context.SecurityContextHolderFilter.doFilter(SecurityContextHolderFilter.java:82)
	at org.springframework.security.web.context.SecurityContextHolderFilter.doFilter(SecurityContextHolderFilter.java:69)
	at org.springframework.security.web.FilterChainProxy$VirtualFilterChain.doFilter(FilterChainProxy.java:385)
	at org.springframework.security.web.context.request.async.WebAsyncManagerIntegrationFilter.doFilterInternal(WebAsyncManagerIntegrationFilter.java:62)
	at org.springframework.web.filter.OncePerRequestFilter.doFilter(OncePerRequestFilter.java:116)
	at org.springframework.security.web.FilterChainProxy$VirtualFilterChain.doFilter(FilterChainProxy.java:385)
	at org.springframework.security.web.session.DisableEncodeUrlFilter.doFilterInternal(DisableEncodeUrlFilter.java:42)
	at org.springframework.web.filter.OncePerRequestFilter.doFilter(OncePerRequestFilter.java:116)
	at org.springframework.security.web.FilterChainProxy$VirtualFilterChain.doFilter(FilterChainProxy.java:385)
	at org.springframework.security.web.FilterChainProxy.doFilterInternal(FilterChainProxy.java:237)
	at org.springframework.security.web.FilterChainProxy.doFilter(FilterChainProxy.java:195)
	at org.springframework.web.filter.CompositeFilter$VirtualFilterChain.doFilter(CompositeFilter.java:113)
	at org.springframework.web.filter.ServletRequestPathFilter.doFilter(ServletRequestPathFilter.java:52)
	at org.springframework.web.filter.CompositeFilter$VirtualFilterChain.doFilter(CompositeFilter.java:113)
	at org.springframework.web.filter.CompositeFilter.doFilter(CompositeFilter.java:74)
	at org.springframework.security.config.annotation.web.configuration.WebSecurityConfiguration$CompositeFilterChainProxy.doFilter(WebSecurityConfiguration.java:317)
	at org.springframework.web.filter.DelegatingFilterProxy.invokeDelegate(DelegatingFilterProxy.java:355)
	at org.springframework.web.filter.DelegatingFilterProxy.doFilter(DelegatingFilterProxy.java:272)
	at org.apache.catalina.core.ApplicationFilterChain.doFilter(ApplicationFilterChain.java:107)
	at org.springframework.web.filter.RequestContextFilter.doFilterInternal(RequestContextFilter.java:100)
	at org.springframework.web.filter.OncePerRequestFilter.doFilter(OncePerRequestFilter.java:116)
	at org.apache.catalina.core.ApplicationFilterChain.doFilter(ApplicationFilterChain.java:107)
	at org.springframework.web.filter.FormContentFilter.doFilterInternal(FormContentFilter.java:93)
	at org.springframework.web.filter.OncePerRequestFilter.doFilter(OncePerRequestFilter.java:116)
	at org.apache.catalina.core.ApplicationFilterChain.doFilter(ApplicationFilterChain.java:107)
	at org.springframework.web.filter.CharacterEncodingFilter.doFilterInternal(CharacterEncodingFilter.java:199)
	at org.springframework.web.filter.OncePerRequestFilter.doFilter(OncePerRequestFilter.java:116)
	at org.apache.catalina.core.ApplicationFilterChain.doFilter(ApplicationFilterChain.java:107)
	at org.apache.catalina.core.StandardWrapperValve.invoke(StandardWrapperValve.java:165)
	at org.apache.catalina.core.StandardContextValve.invoke(StandardContextValve.java:77)
	at org.apache.catalina.authenticator.AuthenticatorBase.invoke(AuthenticatorBase.java:492)
	at org.apache.catalina.core.StandardHostValve.invoke(StandardHostValve.java:113)
	at org.apache.catalina.valves.ErrorReportValve.invoke(ErrorReportValve.java:83)
	at org.apache.catalina.core.StandardEngineValve.invoke(StandardEngineValve.java:72)
	at org.apache.catalina.connector.CoyoteAdapter.service(CoyoteAdapter.java:341)
	at org.apache.coyote.http11.Http11Processor.service(Http11Processor.java:397)
	at org.apache.coyote.AbstractProcessorLight.process(AbstractProcessorLight.java:63)
	at org.apache.coyote.AbstractProtocol$ConnectionHandler.process(AbstractProtocol.java:903)
	at org.apache.tomcat.util.net.NioEndpoint$SocketProcessor.doRun(NioEndpoint.java:1801)
	at org.apache.tomcat.util.net.SocketProcessorBase.run(SocketProcessorBase.java:52)
	at org.apache.tomcat.util.threads.ThreadPoolExecutor.runWorker(ThreadPoolExecutor.java:946)
	at org.apache.tomcat.util.threads.ThreadPoolExecutor$Worker.run(ThreadPoolExecutor.java:480)
	at org.apache.tomcat.util.threads.TaskThread$WrappingRunnable.run(TaskThread.java:57)
	at java.base/java.lang.Thread.run(Thread.java:840)
Caused by: org.springframework.security.core.userdetails.UsernameNotFoundException: User not found: goutam
	at com.placementtraining.jornalApp.service.UserDetailServiceimp.loadUserByUsername(UserDetailServiceimp.java:31)
	at org.springframework.security.authentication.dao.DaoAuthenticationProvider.retrieveUser(DaoAuthenticationProvider.java:106)
	at org.springframework.security.authentication.dao.AbstractUserDetailsAuthenticationProvider.authenticate(AbstractUserDetailsAuthenticationProvider.java:145)
	... 56 common frames omitted
2026-06-16 09:06:16 [http-nio-8081-exec-1] DEBUG o.s.s.w.a.DelegatingAuthenticationEntryPoint - Trying to match using RequestHeaderRequestMatcher [expectedHeaderName=X-Requested-With, expectedHeaderValue=XMLHttpRequest]
2026-06-16 09:06:16 [http-nio-8081-exec-1] DEBUG o.s.s.w.a.DelegatingAuthenticationEntryPoint - No match found. Using default entry point org.springframework.security.web.authentication.www.BasicAuthenticationEntryPoint@393ed0a
2026-06-16 09:06:16 [http-nio-8081-exec-1] DEBUG o.s.security.web.FilterChainProxy - Securing GET /error
2026-06-16 09:06:16 [http-nio-8081-exec-1] DEBUG o.s.s.w.a.AnonymousAuthenticationFilter - Set SecurityContextHolder to anonymous SecurityContext
2026-06-16 09:06:16 [http-nio-8081-exec-1] DEBUG o.s.s.w.s.HttpSessionRequestCache - Saved request http://localhost:8081/error?continue to session
2026-06-16 09:06:16 [http-nio-8081-exec-1] DEBUG o.s.s.w.a.DelegatingAuthenticationEntryPoint - Trying to match using RequestHeaderRequestMatcher [expectedHeaderName=X-Requested-With, expectedHeaderValue=XMLHttpRequest]
2026-06-16 09:06:16 [http-nio-8081-exec-1] DEBUG o.s.s.w.a.DelegatingAuthenticationEntryPoint - No match found. Using default entry point org.springframework.security.web.authentication.www.BasicAuthenticationEntryPoint@393ed0a
2026-06-16 09:06:33 [http-nio-8081-exec-6] DEBUG o.s.security.web.FilterChainProxy - Securing POST /journal
2026-06-16 09:06:33 [http-nio-8081-exec-6] DEBUG o.s.s.a.d.DaoAuthenticationProvider - Authenticated user
2026-06-16 09:06:33 [http-nio-8081-exec-6] DEBUG o.s.s.w.a.w.BasicAuthenticationFilter - Set SecurityContextHolder to UsernamePasswordAuthenticationToken [Principal=org.springframework.security.core.userdetails.User [Username=vivek, Password=[PROTECTED], Enabled=true, AccountNonExpired=true, CredentialsNonExpired=true, AccountNonLocked=true, Granted Authorities=[ROLE_USER]], Credentials=[PROTECTED], Authenticated=true, Details=WebAuthenticationDetails [RemoteIpAddress=0:0:0:0:0:0:0:1, SessionId=0E307B959FE2115064142179AD2D287A], Granted Authorities=[ROLE_USER, FactorGrantedAuthority [authority=FACTOR_PASSWORD, issuedAt=2026-06-16T03:36:33.784055Z]]]
2026-06-16 09:06:33 [http-nio-8081-exec-6] DEBUG o.s.security.web.FilterChainProxy - Secured POST /journal
2026-06-16 09:09:03 [SpringApplicationShutdownHook]  INFO o.s.boot.tomcat.GracefulShutdown - Commencing graceful shutdown. Waiting for active requests to complete
2026-06-16 09:09:03 [tomcat-shutdown]  INFO o.s.boot.tomcat.GracefulShutdown - Graceful shutdown complete
2026-06-16 09:09:03 [SpringApplicationShutdownHook]  INFO o.s.o.j.LocalContainerEntityManagerFactoryBean - Closing JPA EntityManagerFactory for persistence unit 'default'
2026-06-16 09:09:03 [SpringApplicationShutdownHook]  INFO com.zaxxer.hikari.HikariDataSource - HikariPool-1 - Shutdown initiated...
2026-06-16 09:09:03 [SpringApplicationShutdownHook]  INFO com.zaxxer.hikari.HikariDataSource - HikariPool-1 - Shutdown completed.
2026-06-16 09:09:12 [main]  INFO o.s.t.c.s.AnnotationConfigContextLoaderUtils - Could not detect default configuration classes for test class [com.placementtraining.jornalApp.Service.UserSchedularTest]: UserSchedularTest does not declare any static, non-private, non-final, nested classes annotated with @Configuration.
2026-06-16 09:09:12 [main]  INFO o.s.b.t.c.SpringBootTestContextBootstrapper - Found @SpringBootConfiguration com.placementtraining.jornalApp.JournalApplication for test class com.placementtraining.jornalApp.Service.UserSchedularTest
2026-06-16 09:09:12 [main]  INFO o.s.t.c.s.AnnotationConfigContextLoaderUtils - Could not detect default configuration classes for test class [com.placementtraining.jornalApp.Service.UserSchedularTest]: UserSchedularTest does not declare any static, non-private, non-final, nested classes annotated with @Configuration.
2026-06-16 09:09:12 [main]  INFO o.s.b.t.c.SpringBootTestContextBootstrapper - Found @SpringBootConfiguration com.placementtraining.jornalApp.JournalApplication for test class com.placementtraining.jornalApp.Service.UserSchedularTest
2026-06-16 09:09:13 [main]  INFO c.p.j.Service.UserSchedularTest - Starting UserSchedularTest using Java 17.0.19 with PID 5064 (started by AMIT PARATAP SINGH in C:\Users\AMIT PARATAP SINGH\Downloads\jornalApp\jornalApp)
2026-06-16 09:09:13 [main]  INFO c.p.j.Service.UserSchedularTest - No active profile set, falling back to 1 default profile: "default"
2026-06-16 09:09:13 [background-preinit]  INFO o.h.validator.internal.util.Version - HV000001: Hibernate Validator 9.0.1.Final
2026-06-16 09:09:13 [main]  INFO o.s.d.r.c.RepositoryConfigurationDelegate - Bootstrapping Spring Data JPA repositories in DEFAULT mode.
2026-06-16 09:09:13 [main]  INFO o.s.d.r.c.RepositoryConfigurationDelegate - Finished Spring Data repository scanning in 38 ms. Found 3 JPA repository interfaces.
2026-06-16 09:09:14 [main]  INFO org.hibernate.orm.jpa - HHH008540: Processing PersistenceUnitInfo [name: default]
2026-06-16 09:09:14 [main]  INFO org.hibernate.orm.core - HHH000001: Hibernate ORM core version 7.2.12.Final
2026-06-16 09:09:14 [main]  INFO o.s.o.j.p.SpringPersistenceUnitInfo - No LoadTimeWeaver setup: ignoring JPA class transformer
2026-06-16 09:09:14 [main]  INFO com.zaxxer.hikari.HikariDataSource - HikariPool-1 - Starting...
2026-06-16 09:09:15 [main]  INFO com.zaxxer.hikari.pool.HikariPool - HikariPool-1 - Added connection com.mysql.cj.jdbc.ConnectionImpl@6958d5d0
2026-06-16 09:09:15 [main]  INFO com.zaxxer.hikari.HikariDataSource - HikariPool-1 - Start completed.
2026-06-16 09:09:15 [main]  INFO o.hibernate.orm.connections.pooling - HHH10001005: Database info:
	Database JDBC URL [jdbc:mysql://localhost:3306/journaldb]
	Database driver: MySQL Connector/J
	Database dialect: MySQLDialect
	Database version: 8.0.45
	Default catalog/schema: journaldb/undefined
	Autocommit mode: undefined/unknown
	Isolation level: REPEATABLE_READ [default REPEATABLE_READ]
	JDBC fetch size: none
	Pool: DataSourceConnectionProvider
	Minimum pool size: undefined/unknown
	Maximum pool size: undefined/unknown
2026-06-16 09:09:15 [main]  INFO org.hibernate.orm.core - HHH000489: No JTA platform available (set 'hibernate.transaction.jta.platform' to enable JTA platform integration)
2026-06-16 09:09:15 [main]  INFO o.s.o.j.LocalContainerEntityManagerFactoryBean - Initialized JPA EntityManagerFactory for persistence unit 'default'
2026-06-16 09:09:16 [main]  INFO o.s.d.j.r.q.QueryEnhancerFactories - Hibernate is in classpath; If applicable, HQL parser will be used.
2026-06-16 09:09:16 [main]  WARN o.s.b.j.a.JpaBaseConfiguration$JpaWebConfiguration - spring.jpa.open-in-view is enabled by default. Therefore, database queries may be performed during view rendering. Explicitly configure spring.jpa.open-in-view to disable this warning
2026-06-16 09:09:16 [main]  INFO o.s.s.c.a.a.c.InitializeUserDetailsBeanManagerConfigurer$InitializeUserDetailsManagerConfigurer - Global AuthenticationManager configured with UserDetailsService bean with name userDetailServiceimp
2026-06-16 09:09:16 [main] DEBUG o.s.s.web.DefaultSecurityFilterChain - Will secure any request with filters: DisableEncodeUrlFilter, WebAsyncManagerIntegrationFilter, SecurityContextHolderFilter, HeaderWriterFilter, LogoutFilter, BasicAuthenticationFilter, RequestCacheAwareFilter, SecurityContextHolderAwareRequestFilter, AnonymousAuthenticationFilter, ExceptionTranslationFilter, AuthorizationFilter
2026-06-16 09:09:16 [main]  INFO c.p.j.Service.UserSchedularTest - Started UserSchedularTest in 3.978 seconds (process running for 5.107)
2026-06-16 09:09:17 [SpringApplicationShutdownHook]  INFO o.s.o.j.LocalContainerEntityManagerFactoryBean - Closing JPA EntityManagerFactory for persistence unit 'default'
2026-06-16 09:09:17 [SpringApplicationShutdownHook]  INFO com.zaxxer.hikari.HikariDataSource - HikariPool-1 - Shutdown initiated...
2026-06-16 09:09:17 [SpringApplicationShutdownHook]  INFO com.zaxxer.hikari.HikariDataSource - HikariPool-1 - Shutdown completed.
2026-06-16 09:20:48 [main]  INFO c.p.jornalApp.JournalApplication - Starting JournalApplication using Java 17.0.19 with PID 23956 (C:\Users\AMIT PARATAP SINGH\Downloads\jornalApp\jornalApp\target\classes started by AMIT PARATAP SINGH in C:\Users\AMIT PARATAP SINGH\Downloads\jornalApp\jornalApp)
2026-06-16 09:20:48 [main]  INFO c.p.jornalApp.JournalApplication - No active profile set, falling back to 1 default profile: "default"
2026-06-16 09:20:48 [background-preinit]  INFO o.h.validator.internal.util.Version - HV000001: Hibernate Validator 9.0.1.Final
2026-06-16 09:20:48 [main]  INFO o.s.d.r.c.RepositoryConfigurationDelegate - Bootstrapping Spring Data JPA repositories in DEFAULT mode.
2026-06-16 09:20:48 [main]  INFO o.s.d.r.c.RepositoryConfigurationDelegate - Finished Spring Data repository scanning in 33 ms. Found 3 JPA repository interfaces.
2026-06-16 09:20:49 [main]  INFO o.s.boot.tomcat.TomcatWebServer - Tomcat initialized with port 8081 (http)
2026-06-16 09:20:49 [main]  INFO o.a.coyote.http11.Http11NioProtocol - Initializing ProtocolHandler ["http-nio-8081"]
2026-06-16 09:20:49 [main]  INFO o.a.catalina.core.StandardService - Starting service [Tomcat]
2026-06-16 09:20:49 [main]  INFO o.a.catalina.core.StandardEngine - Starting Servlet engine: [Apache Tomcat/11.0.21]
2026-06-16 09:20:49 [main]  INFO o.s.b.w.c.s.WebApplicationContextInitializer - Root WebApplicationContext: initialization completed in 913 ms
2026-06-16 09:20:49 [main]  INFO org.hibernate.orm.jpa - HHH008540: Processing PersistenceUnitInfo [name: default]
2026-06-16 09:20:49 [main]  INFO org.hibernate.orm.core - HHH000001: Hibernate ORM core version 7.2.12.Final
2026-06-16 09:20:49 [main]  INFO o.s.o.j.p.SpringPersistenceUnitInfo - No LoadTimeWeaver setup: ignoring JPA class transformer
2026-06-16 09:20:49 [main]  INFO com.zaxxer.hikari.HikariDataSource - HikariPool-1 - Starting...
2026-06-16 09:20:49 [main]  INFO com.zaxxer.hikari.pool.HikariPool - HikariPool-1 - Added connection com.mysql.cj.jdbc.ConnectionImpl@21eedcde
2026-06-16 09:20:49 [main]  INFO com.zaxxer.hikari.HikariDataSource - HikariPool-1 - Start completed.
2026-06-16 09:20:49 [main]  INFO o.hibernate.orm.connections.pooling - HHH10001005: Database info:
	Database JDBC URL [jdbc:mysql://localhost:3306/journaldb]
	Database driver: MySQL Connector/J
	Database dialect: MySQLDialect
	Database version: 8.0.45
	Default catalog/schema: journaldb/undefined
	Autocommit mode: undefined/unknown
	Isolation level: REPEATABLE_READ [default REPEATABLE_READ]
	JDBC fetch size: none
	Pool: DataSourceConnectionProvider
	Minimum pool size: undefined/unknown
	Maximum pool size: undefined/unknown
2026-06-16 09:20:50 [main]  INFO org.hibernate.orm.core - HHH000489: No JTA platform available (set 'hibernate.transaction.jta.platform' to enable JTA platform integration)
2026-06-16 09:20:50 [main]  INFO o.s.o.j.LocalContainerEntityManagerFactoryBean - Initialized JPA EntityManagerFactory for persistence unit 'default'
2026-06-16 09:20:50 [main]  INFO o.s.d.j.r.q.QueryEnhancerFactories - Hibernate is in classpath; If applicable, HQL parser will be used.
2026-06-16 09:20:51 [main]  WARN o.s.b.j.a.JpaBaseConfiguration$JpaWebConfiguration - spring.jpa.open-in-view is enabled by default. Therefore, database queries may be performed during view rendering. Explicitly configure spring.jpa.open-in-view to disable this warning
2026-06-16 09:20:51 [main]  INFO o.s.s.c.a.a.c.InitializeUserDetailsBeanManagerConfigurer$InitializeUserDetailsManagerConfigurer - Global AuthenticationManager configured with UserDetailsService bean with name userDetailServiceimp
2026-06-16 09:20:51 [main] DEBUG o.s.s.web.DefaultSecurityFilterChain - Will secure any request with filters: DisableEncodeUrlFilter, WebAsyncManagerIntegrationFilter, SecurityContextHolderFilter, HeaderWriterFilter, LogoutFilter, BasicAuthenticationFilter, RequestCacheAwareFilter, SecurityContextHolderAwareRequestFilter, AnonymousAuthenticationFilter, ExceptionTranslationFilter, AuthorizationFilter
2026-06-16 09:20:51 [main]  INFO o.a.coyote.http11.Http11NioProtocol - Starting ProtocolHandler ["http-nio-8081"]
2026-06-16 09:20:51 [main]  INFO o.s.boot.tomcat.TomcatWebServer - Tomcat started on port 8081 (http) with context path '/'
2026-06-16 09:20:51 [main]  INFO c.p.jornalApp.JournalApplication - Started JournalApplication in 3.442 seconds (process running for 3.844)
2026-06-16 09:21:53 [SpringApplicationShutdownHook]  INFO o.s.boot.tomcat.GracefulShutdown - Commencing graceful shutdown. Waiting for active requests to complete
2026-06-16 09:21:53 [tomcat-shutdown]  INFO o.s.boot.tomcat.GracefulShutdown - Graceful shutdown complete
2026-06-16 09:21:53 [SpringApplicationShutdownHook]  INFO o.s.o.j.LocalContainerEntityManagerFactoryBean - Closing JPA EntityManagerFactory for persistence unit 'default'
2026-06-16 09:21:53 [SpringApplicationShutdownHook]  INFO com.zaxxer.hikari.HikariDataSource - HikariPool-1 - Shutdown initiated...
2026-06-16 09:21:53 [SpringApplicationShutdownHook]  INFO com.zaxxer.hikari.HikariDataSource - HikariPool-1 - Shutdown completed.
2026-06-16 09:21:59 [main]  INFO o.s.t.c.s.AnnotationConfigContextLoaderUtils - Could not detect default configuration classes for test class [com.placementtraining.jornalApp.Service.UserSchedularTest]: UserSchedularTest does not declare any static, non-private, non-final, nested classes annotated with @Configuration.
2026-06-16 09:21:59 [main]  INFO o.s.b.t.c.SpringBootTestContextBootstrapper - Found @SpringBootConfiguration com.placementtraining.jornalApp.JournalApplication for test class com.placementtraining.jornalApp.Service.UserSchedularTest
2026-06-16 09:21:59 [main]  INFO o.s.t.c.s.AnnotationConfigContextLoaderUtils - Could not detect default configuration classes for test class [com.placementtraining.jornalApp.Service.UserSchedularTest]: UserSchedularTest does not declare any static, non-private, non-final, nested classes annotated with @Configuration.
2026-06-16 09:21:59 [main]  INFO o.s.b.t.c.SpringBootTestContextBootstrapper - Found @SpringBootConfiguration com.placementtraining.jornalApp.JournalApplication for test class com.placementtraining.jornalApp.Service.UserSchedularTest
2026-06-16 09:21:59 [main]  INFO c.p.j.Service.UserSchedularTest - Starting UserSchedularTest using Java 17.0.19 with PID 12192 (started by AMIT PARATAP SINGH in C:\Users\AMIT PARATAP SINGH\Downloads\jornalApp\jornalApp)
2026-06-16 09:21:59 [main]  INFO c.p.j.Service.UserSchedularTest - No active profile set, falling back to 1 default profile: "default"
2026-06-16 09:22:00 [background-preinit]  INFO o.h.validator.internal.util.Version - HV000001: Hibernate Validator 9.0.1.Final
2026-06-16 09:22:00 [main]  INFO o.s.d.r.c.RepositoryConfigurationDelegate - Bootstrapping Spring Data JPA repositories in DEFAULT mode.
2026-06-16 09:22:00 [main]  INFO o.s.d.r.c.RepositoryConfigurationDelegate - Finished Spring Data repository scanning in 41 ms. Found 3 JPA repository interfaces.
2026-06-16 09:22:00 [main]  INFO org.hibernate.orm.jpa - HHH008540: Processing PersistenceUnitInfo [name: default]
2026-06-16 09:22:00 [main]  INFO org.hibernate.orm.core - HHH000001: Hibernate ORM core version 7.2.12.Final
2026-06-16 09:22:01 [main]  INFO o.s.o.j.p.SpringPersistenceUnitInfo - No LoadTimeWeaver setup: ignoring JPA class transformer
2026-06-16 09:22:01 [main]  INFO com.zaxxer.hikari.HikariDataSource - HikariPool-1 - Starting...
2026-06-16 09:22:01 [main]  INFO com.zaxxer.hikari.pool.HikariPool - HikariPool-1 - Added connection com.mysql.cj.jdbc.ConnectionImpl@314c28dc
2026-06-16 09:22:01 [main]  INFO com.zaxxer.hikari.HikariDataSource - HikariPool-1 - Start completed.
2026-06-16 09:22:01 [main]  INFO o.hibernate.orm.connections.pooling - HHH10001005: Database info:
	Database JDBC URL [jdbc:mysql://localhost:3306/journaldb]
	Database driver: MySQL Connector/J
	Database dialect: MySQLDialect
	Database version: 8.0.45
	Default catalog/schema: journaldb/undefined
	Autocommit mode: undefined/unknown
	Isolation level: REPEATABLE_READ [default REPEATABLE_READ]
	JDBC fetch size: none
	Pool: DataSourceConnectionProvider
	Minimum pool size: undefined/unknown
	Maximum pool size: undefined/unknown
2026-06-16 09:22:02 [main]  INFO org.hibernate.orm.core - HHH000489: No JTA platform available (set 'hibernate.transaction.jta.platform' to enable JTA platform integration)
2026-06-16 09:22:02 [main]  INFO o.s.o.j.LocalContainerEntityManagerFactoryBean - Initialized JPA EntityManagerFactory for persistence unit 'default'
2026-06-16 09:22:02 [main]  INFO o.s.d.j.r.q.QueryEnhancerFactories - Hibernate is in classpath; If applicable, HQL parser will be used.
2026-06-16 09:22:03 [main]  WARN o.s.b.j.a.JpaBaseConfiguration$JpaWebConfiguration - spring.jpa.open-in-view is enabled by default. Therefore, database queries may be performed during view rendering. Explicitly configure spring.jpa.open-in-view to disable this warning
2026-06-16 09:22:03 [main]  INFO o.s.s.c.a.a.c.InitializeUserDetailsBeanManagerConfigurer$InitializeUserDetailsManagerConfigurer - Global AuthenticationManager configured with UserDetailsService bean with name userDetailServiceimp
2026-06-16 09:22:03 [main] DEBUG o.s.s.web.DefaultSecurityFilterChain - Will secure any request with filters: DisableEncodeUrlFilter, WebAsyncManagerIntegrationFilter, SecurityContextHolderFilter, HeaderWriterFilter, LogoutFilter, BasicAuthenticationFilter, RequestCacheAwareFilter, SecurityContextHolderAwareRequestFilter, AnonymousAuthenticationFilter, ExceptionTranslationFilter, AuthorizationFilter
2026-06-16 09:22:03 [main]  INFO c.p.j.Service.UserSchedularTest - Started UserSchedularTest in 4.083 seconds (process running for 5.197)
2026-06-16 09:22:04 [SpringApplicationShutdownHook]  INFO o.s.o.j.LocalContainerEntityManagerFactoryBean - Closing JPA EntityManagerFactory for persistence unit 'default'
2026-06-16 09:22:04 [SpringApplicationShutdownHook]  INFO com.zaxxer.hikari.HikariDataSource - HikariPool-1 - Shutdown initiated...
2026-06-16 09:22:04 [SpringApplicationShutdownHook]  INFO com.zaxxer.hikari.HikariDataSource - HikariPool-1 - Shutdown completed.
