2026-06-15 15:37:13 [main]  INFO c.p.jornalApp.JournalApplication - Starting JournalApplication using Java 17.0.19 with PID 21952 (C:\Users\AMIT PARATAP SINGH\Downloads\jornalApp\jornalApp\target\classes started by AMIT PARATAP SINGH in C:\Users\AMIT PARATAP SINGH\Downloads\jornalApp\jornalApp)
2026-06-15 15:37:13 [main]  INFO c.p.jornalApp.JournalApplication - No active profile set, falling back to 1 default profile: "default"
2026-06-15 15:37:14 [main]  INFO o.s.d.r.c.RepositoryConfigurationDelegate - Bootstrapping Spring Data JPA repositories in DEFAULT mode.
2026-06-15 15:37:14 [main]  INFO o.s.d.r.c.RepositoryConfigurationDelegate - Finished Spring Data repository scanning in 45 ms. Found 3 JPA repository interfaces.
2026-06-15 15:37:15 [main]  INFO o.s.boot.tomcat.TomcatWebServer - Tomcat initialized with port 8081 (http)
2026-06-15 15:37:15 [main]  INFO o.a.coyote.http11.Http11NioProtocol - Initializing ProtocolHandler ["http-nio-8081"]
2026-06-15 15:37:15 [main]  INFO o.a.catalina.core.StandardService - Starting service [Tomcat]
2026-06-15 15:37:15 [main]  INFO o.a.catalina.core.StandardEngine - Starting Servlet engine: [Apache Tomcat/11.0.21]
2026-06-15 15:37:15 [main]  INFO o.s.b.w.c.s.WebApplicationContextInitializer - Root WebApplicationContext: initialization completed in 1373 ms
2026-06-15 15:37:15 [main]  INFO org.hibernate.orm.jpa - HHH008540: Processing PersistenceUnitInfo [name: default]
2026-06-15 15:37:15 [main]  INFO org.hibernate.orm.core - HHH000001: Hibernate ORM core version 7.2.12.Final
2026-06-15 15:37:15 [main]  INFO o.s.o.j.p.SpringPersistenceUnitInfo - No LoadTimeWeaver setup: ignoring JPA class transformer
2026-06-15 15:37:15 [main]  INFO com.zaxxer.hikari.HikariDataSource - HikariPool-1 - Starting...
2026-06-15 15:37:16 [main]  INFO com.zaxxer.hikari.pool.HikariPool - HikariPool-1 - Added connection com.mysql.cj.jdbc.ConnectionImpl@70700b8a
2026-06-15 15:37:16 [main]  INFO com.zaxxer.hikari.HikariDataSource - HikariPool-1 - Start completed.
2026-06-15 15:37:16 [main]  INFO o.hibernate.orm.connections.pooling - HHH10001005: Database info:
	Database JDBC URL [jdbc:mysql://localhost:3306/journaldb]
	Database driver: MySQL Connector/J
	Database dialect: MySQLDialect
	Database version: 8.0.45
	Default catalog/schema: journaldb/undefined
	Autocommit mode: undefined/unknown
	Isolation level: REPEATABLE_READ [default REPEATABLE_READ]
	JDBC fetch size: none
	Pool: DataSourceConnectionProvider
	Minimum pool size: undefined/unknown
	Maximum pool size: undefined/unknown
2026-06-15 15:37:17 [main]  INFO org.hibernate.orm.core - HHH000489: No JTA platform available (set 'hibernate.transaction.jta.platform' to enable JTA platform integration)
2026-06-15 15:37:17 [main]  INFO o.s.o.j.LocalContainerEntityManagerFactoryBean - Initialized JPA EntityManagerFactory for persistence unit 'default'
2026-06-15 15:37:17 [main]  INFO o.s.d.j.r.q.QueryEnhancerFactories - Hibernate is in classpath; If applicable, HQL parser will be used.
2026-06-15 15:37:17 [main]  WARN o.s.b.j.a.JpaBaseConfiguration$JpaWebConfiguration - spring.jpa.open-in-view is enabled by default. Therefore, database queries may be performed during view rendering. Explicitly configure spring.jpa.open-in-view to disable this warning
2026-06-15 15:37:17 [main]  INFO o.s.s.c.a.a.c.InitializeUserDetailsBeanManagerConfigurer$InitializeUserDetailsManagerConfigurer - Global AuthenticationManager configured with UserDetailsService bean with name userDetailServiceimp
2026-06-15 15:37:18 [main] DEBUG o.s.s.web.DefaultSecurityFilterChain - Will secure any request with filters: DisableEncodeUrlFilter, WebAsyncManagerIntegrationFilter, SecurityContextHolderFilter, HeaderWriterFilter, LogoutFilter, BasicAuthenticationFilter, RequestCacheAwareFilter, SecurityContextHolderAwareRequestFilter, AnonymousAuthenticationFilter, ExceptionTranslationFilter, AuthorizationFilter
2026-06-15 15:37:18 [main]  INFO o.s.v.b.OptionalValidatorFactoryBean - Failed to set up a Bean Validation provider: jakarta.validation.NoProviderFoundException: Unable to create a Configuration, because no Jakarta Validation provider could be found. Add a provider like Hibernate Validator (RI) to your classpath.
2026-06-15 15:37:18 [main]  INFO o.a.coyote.http11.Http11NioProtocol - Starting ProtocolHandler ["http-nio-8081"]
2026-06-15 15:37:18 [main]  INFO o.s.boot.tomcat.TomcatWebServer - Tomcat started on port 8081 (http) with context path '/'
2026-06-15 15:37:18 [main]  INFO c.p.jornalApp.JournalApplication - Started JournalApplication in 4.764 seconds (process running for 6.699)
2026-06-15 15:37:25 [SpringApplicationShutdownHook]  INFO o.s.boot.tomcat.GracefulShutdown - Commencing graceful shutdown. Waiting for active requests to complete
2026-06-15 15:37:25 [tomcat-shutdown]  INFO o.s.boot.tomcat.GracefulShutdown - Graceful shutdown complete
2026-06-15 15:37:25 [SpringApplicationShutdownHook]  INFO o.s.o.j.LocalContainerEntityManagerFactoryBean - Closing JPA EntityManagerFactory for persistence unit 'default'
2026-06-15 15:37:25 [SpringApplicationShutdownHook]  INFO com.zaxxer.hikari.HikariDataSource - HikariPool-1 - Shutdown initiated...
2026-06-15 15:37:25 [SpringApplicationShutdownHook]  INFO com.zaxxer.hikari.HikariDataSource - HikariPool-1 - Shutdown completed.
