2026-06-10 21:39:33 [main]  INFO c.p.jornalApp.JournalApplication - Starting JournalApplication using Java 17.0.19 with PID 15412 (C:\Users\AMIT PARATAP SINGH\Downloads\jornalApp\jornalApp\target\classes started by AMIT PARATAP SINGH in C:\Users\AMIT PARATAP SINGH\Downloads\jornalApp\jornalApp)
2026-06-10 21:39:33 [main]  INFO c.p.jornalApp.JournalApplication - No active profile set, falling back to 1 default profile: "default"
2026-06-10 21:39:34 [main]  INFO o.s.d.r.c.RepositoryConfigurationDelegate - Bootstrapping Spring Data JPA repositories in DEFAULT mode.
2026-06-10 21:39:34 [main]  INFO o.s.d.r.c.RepositoryConfigurationDelegate - Finished Spring Data repository scanning in 112 ms. Found 2 JPA repository interfaces.
2026-06-10 21:39:34 [main]  INFO o.s.boot.tomcat.TomcatWebServer - Tomcat initialized with port 8081 (http)
2026-06-10 21:39:34 [main]  INFO o.a.coyote.http11.Http11NioProtocol - Initializing ProtocolHandler ["http-nio-8081"]
2026-06-10 21:39:34 [main]  INFO o.a.catalina.core.StandardService - Starting service [Tomcat]
2026-06-10 21:39:34 [main]  INFO o.a.catalina.core.StandardEngine - Starting Servlet engine: [Apache Tomcat/11.0.21]
2026-06-10 21:39:34 [main]  INFO o.s.b.w.c.s.WebApplicationContextInitializer - Root WebApplicationContext: initialization completed in 1709 ms
2026-06-10 21:39:35 [main]  INFO org.hibernate.orm.jpa - HHH008540: Processing PersistenceUnitInfo [name: default]
2026-06-10 21:39:35 [main]  INFO org.hibernate.orm.core - HHH000001: Hibernate ORM core version 7.2.12.Final
2026-06-10 21:39:35 [main]  INFO o.s.o.j.p.SpringPersistenceUnitInfo - No LoadTimeWeaver setup: ignoring JPA class transformer
2026-06-10 21:39:35 [main]  INFO com.zaxxer.hikari.HikariDataSource - HikariPool-1 - Starting...
2026-06-10 21:39:36 [main]  INFO com.zaxxer.hikari.pool.HikariPool - HikariPool-1 - Added connection com.mysql.cj.jdbc.ConnectionImpl@b2d8dcd
2026-06-10 21:39:36 [main]  INFO com.zaxxer.hikari.HikariDataSource - HikariPool-1 - Start completed.
2026-06-10 21:39:36 [main]  INFO o.hibernate.orm.connections.pooling - HHH10001005: Database info:
	Database JDBC URL [jdbc:mysql://localhost:3306/journaldb]
	Database driver: MySQL Connector/J
	Database dialect: MySQLDialect
	Database version: 8.0.45
	Default catalog/schema: journaldb/undefined
	Autocommit mode: undefined/unknown
	Isolation level: REPEATABLE_READ [default REPEATABLE_READ]
	JDBC fetch size: none
	Pool: DataSourceConnectionProvider
	Minimum pool size: undefined/unknown
	Maximum pool size: undefined/unknown
2026-06-10 21:39:36 [main]  INFO org.hibernate.orm.core - HHH000489: No JTA platform available (set 'hibernate.transaction.jta.platform' to enable JTA platform integration)
2026-06-10 21:39:36 [main]  INFO o.s.o.j.LocalContainerEntityManagerFactoryBean - Initialized JPA EntityManagerFactory for persistence unit 'default'
2026-06-10 21:39:37 [main]  INFO o.s.d.j.r.q.QueryEnhancerFactories - Hibernate is in classpath; If applicable, HQL parser will be used.
2026-06-10 21:39:37 [main]  WARN o.s.b.j.a.JpaBaseConfiguration$JpaWebConfiguration - spring.jpa.open-in-view is enabled by default. Therefore, database queries may be performed during view rendering. Explicitly configure spring.jpa.open-in-view to disable this warning
2026-06-10 21:39:37 [main]  INFO o.s.s.c.a.a.c.InitializeUserDetailsBeanManagerConfigurer$InitializeUserDetailsManagerConfigurer - Global AuthenticationManager configured with UserDetailsService bean with name userDetailServiceimp
2026-06-10 21:39:37 [main] DEBUG o.s.s.web.DefaultSecurityFilterChain - Will secure any request with filters: DisableEncodeUrlFilter, WebAsyncManagerIntegrationFilter, SecurityContextHolderFilter, HeaderWriterFilter, LogoutFilter, BasicAuthenticationFilter, RequestCacheAwareFilter, SecurityContextHolderAwareRequestFilter, AnonymousAuthenticationFilter, ExceptionTranslationFilter, AuthorizationFilter
2026-06-10 21:39:37 [main]  INFO o.a.coyote.http11.Http11NioProtocol - Starting ProtocolHandler ["http-nio-8081"]
2026-06-10 21:39:37 [main]  INFO o.s.boot.tomcat.TomcatWebServer - Tomcat started on port 8081 (http) with context path '/'
2026-06-10 21:39:37 [main]  INFO c.p.jornalApp.JournalApplication - Started JournalApplication in 5.07 seconds (process running for 6.571)
2026-06-10 21:56:52 [http-nio-8081-exec-1]  INFO o.a.c.c.C.[Tomcat].[localhost].[/] - Initializing Spring DispatcherServlet 'dispatcherServlet'
2026-06-10 21:56:52 [http-nio-8081-exec-1]  INFO o.s.web.servlet.DispatcherServlet - Initializing Servlet 'dispatcherServlet'
2026-06-10 21:56:52 [http-nio-8081-exec-1]  INFO o.s.web.servlet.DispatcherServlet - Completed initialization in 5 ms
2026-06-10 21:56:52 [http-nio-8081-exec-1] DEBUG o.s.security.web.FilterChainProxy - Securing GET /user/Weather
2026-06-10 21:56:53 [http-nio-8081-exec-1] DEBUG o.s.s.a.d.DaoAuthenticationProvider - Authenticated user
2026-06-10 21:56:53 [http-nio-8081-exec-1] DEBUG o.s.s.w.a.w.BasicAuthenticationFilter - Set SecurityContextHolder to UsernamePasswordAuthenticationToken [Principal=org.springframework.security.core.userdetails.User [Username=admin, Password=[PROTECTED], Enabled=true, AccountNonExpired=true, CredentialsNonExpired=true, AccountNonLocked=true, Granted Authorities=[ROLE_ADMIN]], Credentials=[PROTECTED], Authenticated=true, Details=WebAuthenticationDetails [RemoteIpAddress=0:0:0:0:0:0:0:1, SessionId=null], Granted Authorities=[ROLE_ADMIN, FactorGrantedAuthority [authority=FACTOR_PASSWORD, issuedAt=2026-06-10T16:26:53.808151Z]]]
2026-06-10 21:56:53 [http-nio-8081-exec-1] DEBUG o.s.security.web.FilterChainProxy - Secured GET /user/Weather
2026-06-10 21:56:54 [http-nio-8081-exec-1]  WARN o.s.w.s.m.s.DefaultHandlerExceptionResolver - Resolved [org.springframework.web.HttpRequestMethodNotSupportedException: Request method 'GET' is not supported]
2026-06-10 21:56:54 [http-nio-8081-exec-1] DEBUG o.s.security.web.FilterChainProxy - Securing GET /error
2026-06-10 21:56:54 [http-nio-8081-exec-1] DEBUG o.s.security.web.FilterChainProxy - Secured GET /error
2026-06-10 21:57:16 [http-nio-8081-exec-3] DEBUG o.s.security.web.FilterChainProxy - Securing GET /user/Weather
2026-06-10 21:57:17 [http-nio-8081-exec-3] DEBUG o.s.s.a.d.DaoAuthenticationProvider - Authenticated user
2026-06-10 21:57:17 [http-nio-8081-exec-3] DEBUG o.s.s.w.a.w.BasicAuthenticationFilter - Set SecurityContextHolder to UsernamePasswordAuthenticationToken [Principal=org.springframework.security.core.userdetails.User [Username=amit, Password=[PROTECTED], Enabled=true, AccountNonExpired=true, CredentialsNonExpired=true, AccountNonLocked=true, Granted Authorities=[ROLE_USER]], Credentials=[PROTECTED], Authenticated=true, Details=WebAuthenticationDetails [RemoteIpAddress=0:0:0:0:0:0:0:1, SessionId=null], Granted Authorities=[ROLE_USER, FactorGrantedAuthority [authority=FACTOR_PASSWORD, issuedAt=2026-06-10T16:27:17.136283200Z]]]
2026-06-10 21:57:17 [http-nio-8081-exec-3] DEBUG o.s.security.web.FilterChainProxy - Secured GET /user/Weather
2026-06-10 21:57:17 [http-nio-8081-exec-3]  WARN o.s.w.s.m.s.DefaultHandlerExceptionResolver - Resolved [org.springframework.web.HttpRequestMethodNotSupportedException: Request method 'GET' is not supported]
2026-06-10 21:57:17 [http-nio-8081-exec-3] DEBUG o.s.security.web.FilterChainProxy - Securing GET /error
2026-06-10 21:57:17 [http-nio-8081-exec-3] DEBUG o.s.security.web.FilterChainProxy - Secured GET /error
2026-06-10 21:59:40 [SpringApplicationShutdownHook]  INFO o.s.boot.tomcat.GracefulShutdown - Commencing graceful shutdown. Waiting for active requests to complete
2026-06-10 21:59:40 [tomcat-shutdown]  INFO o.s.boot.tomcat.GracefulShutdown - Graceful shutdown complete
2026-06-10 21:59:40 [SpringApplicationShutdownHook]  INFO o.s.o.j.LocalContainerEntityManagerFactoryBean - Closing JPA EntityManagerFactory for persistence unit 'default'
2026-06-10 21:59:40 [SpringApplicationShutdownHook]  INFO com.zaxxer.hikari.HikariDataSource - HikariPool-1 - Shutdown initiated...
2026-06-10 21:59:40 [SpringApplicationShutdownHook]  INFO com.zaxxer.hikari.HikariDataSource - HikariPool-1 - Shutdown completed.
2026-06-10 21:59:43 [main]  INFO c.p.jornalApp.JournalApplication - Starting JournalApplication using Java 17.0.19 with PID 18732 (C:\Users\AMIT PARATAP SINGH\Downloads\jornalApp\jornalApp\target\classes started by AMIT PARATAP SINGH in C:\Users\AMIT PARATAP SINGH\Downloads\jornalApp\jornalApp)
2026-06-10 21:59:43 [main]  INFO c.p.jornalApp.JournalApplication - No active profile set, falling back to 1 default profile: "default"
2026-06-10 21:59:43 [main]  INFO o.s.d.r.c.RepositoryConfigurationDelegate - Bootstrapping Spring Data JPA repositories in DEFAULT mode.
2026-06-10 21:59:43 [main]  INFO o.s.d.r.c.RepositoryConfigurationDelegate - Finished Spring Data repository scanning in 34 ms. Found 2 JPA repository interfaces.
2026-06-10 21:59:44 [main]  INFO o.s.boot.tomcat.TomcatWebServer - Tomcat initialized with port 8081 (http)
2026-06-10 21:59:44 [main]  INFO o.a.coyote.http11.Http11NioProtocol - Initializing ProtocolHandler ["http-nio-8081"]
2026-06-10 21:59:44 [main]  INFO o.a.catalina.core.StandardService - Starting service [Tomcat]
2026-06-10 21:59:44 [main]  INFO o.a.catalina.core.StandardEngine - Starting Servlet engine: [Apache Tomcat/11.0.21]
2026-06-10 21:59:44 [main]  INFO o.s.b.w.c.s.WebApplicationContextInitializer - Root WebApplicationContext: initialization completed in 845 ms
2026-06-10 21:59:44 [main]  INFO org.hibernate.orm.jpa - HHH008540: Processing PersistenceUnitInfo [name: default]
2026-06-10 21:59:44 [main]  INFO org.hibernate.orm.core - HHH000001: Hibernate ORM core version 7.2.12.Final
2026-06-10 21:59:44 [main]  INFO o.s.o.j.p.SpringPersistenceUnitInfo - No LoadTimeWeaver setup: ignoring JPA class transformer
2026-06-10 21:59:44 [main]  INFO com.zaxxer.hikari.HikariDataSource - HikariPool-1 - Starting...
2026-06-10 21:59:44 [main]  INFO com.zaxxer.hikari.pool.HikariPool - HikariPool-1 - Added connection com.mysql.cj.jdbc.ConnectionImpl@5e763c07
2026-06-10 21:59:44 [main]  INFO com.zaxxer.hikari.HikariDataSource - HikariPool-1 - Start completed.
2026-06-10 21:59:44 [main]  INFO o.hibernate.orm.connections.pooling - HHH10001005: Database info:
	Database JDBC URL [jdbc:mysql://localhost:3306/journaldb]
	Database driver: MySQL Connector/J
	Database dialect: MySQLDialect
	Database version: 8.0.45
	Default catalog/schema: journaldb/undefined
	Autocommit mode: undefined/unknown
	Isolation level: REPEATABLE_READ [default REPEATABLE_READ]
	JDBC fetch size: none
	Pool: DataSourceConnectionProvider
	Minimum pool size: undefined/unknown
	Maximum pool size: undefined/unknown
2026-06-10 21:59:45 [main]  INFO org.hibernate.orm.core - HHH000489: No JTA platform available (set 'hibernate.transaction.jta.platform' to enable JTA platform integration)
2026-06-10 21:59:45 [main]  INFO o.s.o.j.LocalContainerEntityManagerFactoryBean - Initialized JPA EntityManagerFactory for persistence unit 'default'
2026-06-10 21:59:45 [main]  INFO o.s.d.j.r.q.QueryEnhancerFactories - Hibernate is in classpath; If applicable, HQL parser will be used.
2026-06-10 21:59:45 [main]  WARN o.s.b.j.a.JpaBaseConfiguration$JpaWebConfiguration - spring.jpa.open-in-view is enabled by default. Therefore, database queries may be performed during view rendering. Explicitly configure spring.jpa.open-in-view to disable this warning
2026-06-10 21:59:46 [main]  INFO o.s.s.c.a.a.c.InitializeUserDetailsBeanManagerConfigurer$InitializeUserDetailsManagerConfigurer - Global AuthenticationManager configured with UserDetailsService bean with name userDetailServiceimp
2026-06-10 21:59:46 [main] DEBUG o.s.s.web.DefaultSecurityFilterChain - Will secure any request with filters: DisableEncodeUrlFilter, WebAsyncManagerIntegrationFilter, SecurityContextHolderFilter, HeaderWriterFilter, LogoutFilter, BasicAuthenticationFilter, RequestCacheAwareFilter, SecurityContextHolderAwareRequestFilter, AnonymousAuthenticationFilter, ExceptionTranslationFilter, AuthorizationFilter
2026-06-10 21:59:46 [main]  INFO o.a.coyote.http11.Http11NioProtocol - Starting ProtocolHandler ["http-nio-8081"]
2026-06-10 21:59:46 [main]  INFO o.s.boot.tomcat.TomcatWebServer - Tomcat started on port 8081 (http) with context path '/'
2026-06-10 21:59:46 [main]  INFO c.p.jornalApp.JournalApplication - Started JournalApplication in 3.323 seconds (process running for 3.712)
2026-06-10 21:59:55 [http-nio-8081-exec-1]  INFO o.a.c.c.C.[Tomcat].[localhost].[/] - Initializing Spring DispatcherServlet 'dispatcherServlet'
2026-06-10 21:59:55 [http-nio-8081-exec-1]  INFO o.s.web.servlet.DispatcherServlet - Initializing Servlet 'dispatcherServlet'
2026-06-10 21:59:55 [http-nio-8081-exec-1]  INFO o.s.web.servlet.DispatcherServlet - Completed initialization in 5 ms
2026-06-10 21:59:55 [http-nio-8081-exec-1] DEBUG o.s.security.web.FilterChainProxy - Securing GET /user/Weather
2026-06-10 21:59:58 [http-nio-8081-exec-1] DEBUG o.s.s.a.d.DaoAuthenticationProvider - Authenticated user
2026-06-10 21:59:58 [http-nio-8081-exec-1] DEBUG o.s.s.w.a.w.BasicAuthenticationFilter - Set SecurityContextHolder to UsernamePasswordAuthenticationToken [Principal=org.springframework.security.core.userdetails.User [Username=amit, Password=[PROTECTED], Enabled=true, AccountNonExpired=true, CredentialsNonExpired=true, AccountNonLocked=true, Granted Authorities=[ROLE_USER]], Credentials=[PROTECTED], Authenticated=true, Details=WebAuthenticationDetails [RemoteIpAddress=0:0:0:0:0:0:0:1, SessionId=null], Granted Authorities=[ROLE_USER, FactorGrantedAuthority [authority=FACTOR_PASSWORD, issuedAt=2026-06-10T16:29:58.144049500Z]]]
2026-06-10 21:59:58 [http-nio-8081-exec-1] DEBUG o.s.security.web.FilterChainProxy - Secured GET /user/Weather
